
[1m[7m[36m RUN [39m[27m[22m [36mv2.1.9 [39m[90mC:/Users/archa/OneDrive/Desktop/chatwave/server[39m

 [32mÔ£ô[39m tests/nlp.test.js[2m > [22mIntent Detection[2m > [22mshould detect greeting intent
 [32mÔ£ô[39m tests/nlp.test.js[2m > [22mIntent Detection[2m > [22mshould detect greeting with "hi"
 [32mÔ£ô[39m tests/nlp.test.js[2m > [22mIntent Detection[2m > [22mshould detect goodbye intent
 [32mÔ£ô[39m tests/nlp.test.js[2m > [22mIntent Detection[2m > [22mshould detect help intent
 [32mÔ£ô[39m tests/nlp.test.js[2m > [22mIntent Detection[2m > [22mshould detect thanks intent
 [32mÔ£ô[39m tests/nlp.test.js[2m > [22mIntent Detection[2m > [22mshould detect travel search intent
 [32mÔ£ô[39m tests/nlp.test.js[2m > [22mIntent Detection[2m > [22mshould detect travel search with route entities
 [32mÔ£ô[39m tests/nlp.test.js[2m > [22mIntent Detection[2m > [22mshould detect price query intent
 [32mÔ£ô[39m tests/nlp.test.js[2m > [22mIntent Detection[2m > [22mshould detect compare routes intent
 [32mÔ£ô[39m tests/nlp.test.js[2m > [22mIntent Detection[2m > [22mshould detect select route intent
 [32mÔ£ô[39m tests/nlp.test.js[2m > [22mIntent Detection[2m > [22mshould return unknown for gibberish
 [32mÔ£ô[39m tests/nlp.test.js[2m > [22mEntity Extraction[2m > [22mLocation Extraction[2m > [22mshould extract "from X to Y" pattern
 [32mÔ£ô[39m tests/nlp.test.js[2m > [22mEntity Extraction[2m > [22mLocation Extraction[2m > [22mshould extract "X to Y" pattern
 [32mÔ£ô[39m tests/nlp.test.js[2m > [22mEntity Extraction[2m > [22mLocation Extraction[2m > [22mshould handle city aliases
 [32mÔ£ô[39m tests/nlp.test.js[2m > [22mEntity Extraction[2m > [22mLocation Extraction[2m > [22mshould handle Bangalore/Bengaluru alias
 [32mÔ£ô[39m tests/nlp.test.js[2m > [22mEntity Extraction[2m > [22mLocation Extraction[2m > [22mshould handle partial "go to Y"
 [32mÔ£ô[39m tests/nlp.test.js[2m > [22mEntity Extraction[2m > [22mTransport Mode Extraction[2m > [22mshould extract train mode
 [31m├ù[39m tests/nlp.test.js[2m > [22mEntity Extraction[2m > [22mTransport Mode Extraction[2m > [22mshould extract bus mode
[31m   ÔåÆ expected undefined to be 'bus' // Object.is equality[39m
 [32mÔ£ô[39m tests/nlp.test.js[2m > [22mEntity Extraction[2m > [22mTransport Mode Extraction[2m > [22mshould not set mode if not specified
 [32mÔ£ô[39m tests/nlp.test.js[2m > [22mEntity Extraction[2m > [22mDate Extraction[2m > [22mshould extract "tomorrow"
 [32mÔ£ô[39m tests/nlp.test.js[2m > [22mEntity Extraction[2m > [22mDate Extraction[2m > [22mshould extract "today"
 [32mÔ£ô[39m tests/nlp.test.js[2m > [22mEntity Extraction[2m > [22mTime Extraction[2m > [22mshould extract "morning" preference
 [32mÔ£ô[39m tests/nlp.test.js[2m > [22mEntity Extraction[2m > [22mTime Extraction[2m > [22mshould extract "evening" preference
 [32mÔ£ô[39m tests/nlp.test.js[2m > [22mEntity Extraction[2m > [22mBudget Extraction[2m > [22mshould extract budget preference
 [32mÔ£ô[39m tests/nlp.test.js[2m > [22mEntity Extraction[2m > [22mBudget Extraction[2m > [22mshould extract premium preference
 [31m├ù[39m tests/nlp.test.js[2m > [22mEntity Extraction[2m > [22mContext Merging[2m > [22mshould merge with existing context
[31m   ÔåÆ expected undefined to be 'Pune' // Object.is equality[39m
 [31m├ù[39m tests/nlp.test.js[2m > [22mEntity Extraction[2m > [22mContext Merging[2m > [22mshould override context with new values
[31m   ÔåÆ expected 'Goa' to be 'Mumbai' // Object.is equality[39m
 [32mÔ£ô[39m tests/nlp.test.js[2m > [22mConversationContext[2m > [22mshould create and retrieve context
 [32mÔ£ô[39m tests/nlp.test.js[2m > [22mConversationContext[2m > [22mshould track missing entities
 [32mÔ£ô[39m tests/nlp.test.js[2m > [22mConversationContext[2m > [22mshould update context and increment turn count
 [32mÔ£ô[39m tests/nlp.test.js[2m > [22mConversationContext[2m > [22mshould clear context
 [32mÔ£ô[39m tests/nlp.test.js[2m > [22mResponseGenerator[2m > [22mshould generate greeting
 [32mÔ£ô[39m tests/nlp.test.js[2m > [22mResponseGenerator[2m > [22mshould generate help message with examples
 [32mÔ£ô[39m tests/nlp.test.js[2m > [22mResponseGenerator[2m > [22mshould generate missing info prompt for origin
 [32mÔ£ô[39m tests/nlp.test.js[2m > [22mResponseGenerator[2m > [22mshould generate missing info prompt for destination
 [32mÔ£ô[39m tests/nlp.test.js[2m > [22mResponseGenerator[2m > [22mshould generate route results with routes
 [32mÔ£ô[39m tests/nlp.test.js[2m > [22mResponseGenerator[2m > [22mshould generate no results message
 [32mÔ£ô[39m tests/nlp.test.js[2m > [22mUtility Functions[2m > [22mshould format duration correctly

node.exe : [31mÔÄ»ÔÄ»ÔÄ»ÔÄ»
ÔÄ»ÔÄ»ÔÄ»[1m[7m Failed 
Tests 3 [27m[22mÔÄ»ÔÄ»ÔÄ»Ô
Ä»ÔÄ»ÔÄ»ÔÄ»[39m
At line:1 char:1
+ & "C:\Program 
Files\nodejs/node.exe" 
"C:\Program 
Files\nodejs/node_mo ...
+ ~~~~~~~~~~~~~~~~~~~~~~~~~~
~~~~~~~~~~~~~~~~~~~~~~~~~~~~
~~~~~~~~~~~~~~~
    + CategoryInfo          
    : NotSpecified: ([31m  
  ÔÄ»ÔÄ»ÔÄ»Ô...»ÔÄ»ÔÄ»ÔÄ»   
 [39m:String) [], Remot    
eException
    + FullyQualifiedErrorId 
    : NativeCommandError
 

[31m[1m[7m FAIL 
[27m[22m[39m 
tests/nlp.test.js[2m > 
[22mEntity Extraction[2m 
> [22mTransport Mode 
Extraction[2m > 
[22mshould extract bus mode
[31m[1mAssertionError[22m
: expected undefined to be 
'bus' // Object.is 
equality[39m

[32m- Expected:[39m 
"bus"

[31m+ Received:[39m 
undefined

[36m [2mÔØ»[22m tests/nlp
.test.js:[2m118:35[22m[39
m
    [90m116| [39m        
[34mit[39m([32m'should 
extract bus 
mode'[39m[33m,[39m () 
[33m=>[39m {
    [90m117| [39m         
   [35mconst[39m entities 
[33m=[39m [34mextractEnti
ties[39m([32m'Show me 
buses from Delhi[39mÔÇª
    [90m118| [39m         
   [34mexpect[39m(entities
[33m.[39mmode)[33m.[39m
[34mtoBe[39m([32m'bus'[39
m)[33m;[39m
    [90m   | [39m         
                         
[31m^[39m
    [90m119| [39m        
})[33m;[39m
    [90m120| [39m

[31m[2mÔÄ»ÔÄ»ÔÄ»ÔÄ»ÔÄ»ÔÄ»Ô
Ä»ÔÄ»ÔÄ»ÔÄ»ÔÄ»ÔÄ»ÔÄ»ÔÄ»ÔÄ»ÔÄ
»ÔÄ»ÔÄ»ÔÄ»ÔÄ»ÔÄ»ÔÄ»ÔÄ»ÔÄ»[1/
3]ÔÄ»[22m[39m

[31m[1m[7m FAIL 
[27m[22m[39m 
tests/nlp.test.js[2m > 
[22mEntity Extraction[2m 
> [22mContext Merging[2m 
> [22mshould merge with 
existing context
[31m[1mAssertionError[22m
: expected undefined to be 
'Pune' // Object.is 
equality[39m

[32m- Expected:[39m 
"Pune"

[31m+ Received:[39m 
undefined

[36m [2mÔØ»[22m tests/nlp
.test.js:[2m175:42[22m[39
m
    [90m173| [39m         
   [35mconst[39m entities 
[33m=[39m [34mextractEnti
ties[39m([32m'to Pune 
tomorrow'[39m[33m,[39m 
conteÔÇª
    [90m174| [39m         
   [34mexpect[39m(entities
[33m.[39morigin)[33m.[39
m[34mtoBe[39m([32m'Mumbai
'[39m)[33m;[39m
    [90m175| [39m         
   [34mexpect[39m(entities
[33m.[39mdestination)[33m
.[39m[34mtoBe[39m([32m'P
une'[39m)[33m;[39m
    [90m   | [39m         
                            
    [31m^[39m
    [90m176| [39m        
})[33m;[39m
    [90m177| [39m

[31m[2mÔÄ»ÔÄ»ÔÄ»ÔÄ»ÔÄ»ÔÄ»Ô
Ä»ÔÄ»ÔÄ»ÔÄ»ÔÄ»ÔÄ»ÔÄ»ÔÄ»ÔÄ»ÔÄ
»ÔÄ»ÔÄ»ÔÄ»ÔÄ»ÔÄ»ÔÄ»ÔÄ»ÔÄ»[2/
3]ÔÄ»[22m[39m

[31m[1m[7m FAIL 
[27m[22m[39m 
tests/nlp.test.js[2m > 
[22mEntity Extraction[2m 
> [22mContext Merging[2m 
> [22mshould override 
context with new values
[31m[1mAssertionError[22m
: expected 'Goa' to be 
'Mumbai' // Object.is 
equality[39m

Expected: [32m"Mumbai"[39m
Received: [31m"Goa"[39m

[36m [2mÔØ»[22m tests/nlp
.test.js:[2m182:37[22m[39
m
    [90m180| [39m         
   [35mconst[39m entities 
[33m=[39m [34mextractEnti
ties[39m([32m'Actually, 
go to Pune'[39m[33m,[39m 
cÔÇª
    [90m181| [39m         
   [34mexpect[39m(entities
[33m.[39mdestination)[33m
.[39m[34mtoBe[39m([32m'P
une'[39m)[33m;[39m
    [90m182| [39m         
   [34mexpect[39m(entities
[33m.[39morigin)[33m.[39
m[34mtoBe[39m([32m'Mumbai
'[39m)[33m;[39m [90m// 
Preserved from [39mÔÇª
    [90m   | [39m         
                           
[31m^[39m
    [90m183| [39m        
})[33m;[39m
    [90m184| [39m    
})[33m;[39m

[31m[2mÔÄ»ÔÄ»ÔÄ»ÔÄ»ÔÄ»ÔÄ»Ô
Ä»ÔÄ»ÔÄ»ÔÄ»ÔÄ»ÔÄ»ÔÄ»ÔÄ»ÔÄ»ÔÄ
»ÔÄ»ÔÄ»ÔÄ»ÔÄ»ÔÄ»ÔÄ»ÔÄ»ÔÄ»[3/
3]ÔÄ»[22m[39m

[2m Test Files [22m [1m[31m1 failed[39m[22m[90m (1)[39m
[2m      Tests [22m [1m[31m3 failed[39m[22m[2m | [22m[1m[32m35 passed[39m[22m[90m (38)[39m
[2m   Start at [22m 22:17:34
[2m   Duration [22m 366ms[2m (transform 32ms, setup 0ms, collect 40ms, tests 20ms, environment 0ms, prepare 99ms)[22m

